127.0.0.1 - - [19/Jul/2024:09:57:54 +0900] "GET / HTTP/1.1" 404 808
0:0:0:0:0:0:0:1 - - [19/Jul/2024:09:57:55 +0900] "GET /goup4_july_team_project/WEB-INF/views/break/application.jsp HTTP/1.1" 404 722
0:0:0:0:0:0:0:1 - - [19/Jul/2024:09:57:55 +0900] "GET /favicon.ico HTTP/1.1" 404 819
0:0:0:0:0:0:0:1 - - [19/Jul/2024:09:58:01 +0900] "GET /goup4_july_team_project/break/application HTTP/1.1" 200 1684
0:0:0:0:0:0:0:1 - - [19/Jul/2024:09:58:21 +0900] "GET /goup4_july_team_project/break/application HTTP/1.1" 200 1548
0:0:0:0:0:0:0:1 - - [19/Jul/2024:09:58:35 +0900] "GET /goup4_july_team_project/break/application HTTP/1.1" 200 1548
0:0:0:0:0:0:0:1 - - [19/Jul/2024:09:58:35 +0900] "GET /goup4_july_team_project/break/application HTTP/1.1" 200 1548
0:0:0:0:0:0:0:1 - - [19/Jul/2024:09:58:35 +0900] "GET /goup4_july_team_project/break/application HTTP/1.1" 200 1548
0:0:0:0:0:0:0:1 - - [19/Jul/2024:09:58:37 +0900] "GET /goup4_july_team_project/break/application HTTP/1.1" 200 1548
0:0:0:0:0:0:0:1 - - [19/Jul/2024:09:58:37 +0900] "GET /goup4_july_team_project/break/application HTTP/1.1" 200 1548
0:0:0:0:0:0:0:1 - - [19/Jul/2024:09:58:39 +0900] "GET /goup4_july_team_project/break/application HTTP/1.1" 200 1548
0:0:0:0:0:0:0:1 - - [19/Jul/2024:09:58:45 +0900] "GET /goup4_july_team_project/break/application HTTP/1.1" 200 1545
0:0:0:0:0:0:0:1 - - [19/Jul/2024:09:58:47 +0900] "GET /goup4_july_team_project/break/application? HTTP/1.1" 200 1545
127.0.0.1 - - [19/Jul/2024:09:59:08 +0900] "GET / HTTP/1.1" 404 808
0:0:0:0:0:0:0:1 - - [19/Jul/2024:09:59:08 +0900] "GET /goup4_july_team_project/break/application? HTTP/1.1" 200 1545
0:0:0:0:0:0:0:1 - - [19/Jul/2024:09:59:09 +0900] "GET /goup4_july_team_project/break/application? HTTP/1.1" 200 1545
0:0:0:0:0:0:0:1 - - [19/Jul/2024:09:59:14 +0900] "GET /goup4_july_team_project/break/application? HTTP/1.1" 200 1545
0:0:0:0:0:0:0:1 - - [19/Jul/2024:09:59:26 +0900] "GET /goup4_july_team_project/break/application? HTTP/1.1" 200 1559
127.0.0.1 - - [19/Jul/2024:09:59:31 +0900] "GET / HTTP/1.1" 404 808
0:0:0:0:0:0:0:1 - - [19/Jul/2024:09:59:34 +0900] "POST /goup4_july_team_project/break/application HTTP/1.1" 200 -
127.0.0.1 - - [19/Jul/2024:11:07:27 +0900] "GET / HTTP/1.1" 404 808
0:0:0:0:0:0:0:1 - - [19/Jul/2024:11:07:57 +0900] "GET /goup4_july_team_project/break/application HTTP/1.1" 200 1559
0:0:0:0:0:0:0:1 - - [19/Jul/2024:11:09:54 +0900] "GET /goup4_july_team_project/break/list HTTP/1.1" 200 156
0:0:0:0:0:0:0:1 - - [19/Jul/2024:11:10:02 +0900] "GET /goup4_july_team_project/break/detail HTTP/1.1" 404 722
0:0:0:0:0:0:0:1 - - [19/Jul/2024:11:10:46 +0900] "GET /goup4_july_team_project/break/detail HTTP/1.1" 200 1706
0:0:0:0:0:0:0:1 - - [19/Jul/2024:11:10:56 +0900] "GET /goup4_july_team_project/break/detail HTTP/1.1" 200 1706
0:0:0:0:0:0:0:1 - - [19/Jul/2024:11:12:09 +0900] "GET /goup4_july_team_project/break/detail HTTP/1.1" 200 1522
0:0:0:0:0:0:0:1 - - [19/Jul/2024:11:12:41 +0900] "GET /goup4_july_team_project/break/application HTTP/1.1" 200 1855
0:0:0:0:0:0:0:1 - - [19/Jul/2024:11:13:07 +0900] "GET /goup4_july_team_project/break/application HTTP/1.1" 200 1905
0:0:0:0:0:0:0:1 - - [19/Jul/2024:11:13:13 +0900] "GET /goup4_july_team_project/break/application HTTP/1.1" 200 1948
0:0:0:0:0:0:0:1 - - [19/Jul/2024:11:13:26 +0900] "GET /goup4_july_team_project/break/application HTTP/1.1" 200 1937
0:0:0:0:0:0:0:1 - - [19/Jul/2024:11:13:30 +0900] "GET /goup4_july_team_project/break/application HTTP/1.1" 200 1937
0:0:0:0:0:0:0:1 - - [19/Jul/2024:11:13:30 +0900] "GET /goup4_july_team_project/break/application HTTP/1.1" 200 1937
0:0:0:0:0:0:0:1 - - [19/Jul/2024:11:13:31 +0900] "GET /goup4_july_team_project/break/application HTTP/1.1" 200 1937
0:0:0:0:0:0:0:1 - - [19/Jul/2024:11:13:33 +0900] "GET /goup4_july_team_project/break/application HTTP/1.1" 200 1937
0:0:0:0:0:0:0:1 - - [19/Jul/2024:11:13:34 +0900] "GET /goup4_july_team_project/break/application HTTP/1.1" 200 1937
0:0:0:0:0:0:0:1 - - [19/Jul/2024:11:13:34 +0900] "GET /goup4_july_team_project/break/application HTTP/1.1" 200 1937
0:0:0:0:0:0:0:1 - - [19/Jul/2024:11:13:34 +0900] "GET /goup4_july_team_project/break/application HTTP/1.1" 200 1938
0:0:0:0:0:0:0:1 - - [19/Jul/2024:11:13:38 +0900] "GET /goup4_july_team_project/break/application HTTP/1.1" 200 1938
0:0:0:0:0:0:0:1 - - [19/Jul/2024:11:13:51 +0900] "GET /goup4_july_team_project/break/application HTTP/1.1" 200 1938
0:0:0:0:0:0:0:1 - - [19/Jul/2024:11:13:52 +0900] "GET /goup4_july_team_project/break/application HTTP/1.1" 200 1938
0:0:0:0:0:0:0:1 - - [19/Jul/2024:11:13:55 +0900] "GET /goup4_july_team_project/break/application HTTP/1.1" 200 1938
0:0:0:0:0:0:0:1 - - [19/Jul/2024:11:13:57 +0900] "POST /goup4_july_team_project/break/application HTTP/1.1" 200 -
0:0:0:0:0:0:0:1 - - [19/Jul/2024:11:14:04 +0900] "GET /goup4_july_team_project/break/application HTTP/1.1" 200 1964
0:0:0:0:0:0:0:1 - - [19/Jul/2024:11:14:05 +0900] "GET /goup4_july_team_project/break/application HTTP/1.1" 200 1964
0:0:0:0:0:0:0:1 - - [19/Jul/2024:11:14:36 +0900] "GET /goup4_july_team_project/break/application HTTP/1.1" 200 1910
0:0:0:0:0:0:0:1 - - [19/Jul/2024:11:17:10 +0900] "GET /goup4_july_team_project/break/application HTTP/1.1" 200 2027
0:0:0:0:0:0:0:1 - - [19/Jul/2024:11:17:12 +0900] "GET /goup4_july_team_project/break/application HTTP/1.1" 200 2027
0:0:0:0:0:0:0:1 - - [19/Jul/2024:11:17:29 +0900] "GET /flex/index5.jsp HTTP/1.1" 404 812
0:0:0:0:0:0:0:1 - - [19/Jul/2024:11:21:24 +0900] "GET /goup4_july_team_project/break/application HTTP/1.1" 200 2268
0:0:0:0:0:0:0:1 - - [19/Jul/2024:11:21:33 +0900] "GET /goup4_july_team_project/break/application HTTP/1.1" 200 2268
0:0:0:0:0:0:0:1 - - [19/Jul/2024:11:21:33 +0900] "GET /goup4_july_team_project/break/application HTTP/1.1" 200 2268
0:0:0:0:0:0:0:1 - - [19/Jul/2024:11:21:33 +0900] "GET /goup4_july_team_project/break/application HTTP/1.1" 200 2268
0:0:0:0:0:0:0:1 - - [19/Jul/2024:11:21:42 +0900] "GET /goup4_july_team_project/break/application HTTP/1.1" 200 2273
0:0:0:0:0:0:0:1 - - [19/Jul/2024:11:23:10 +0900] "GET /goup4_july_team_project/break/application HTTP/1.1" 200 2313
0:0:0:0:0:0:0:1 - - [19/Jul/2024:11:25:43 +0900] "GET /goup4_july_team_project/break/application HTTP/1.1" 200 2350
0:0:0:0:0:0:0:1 - - [19/Jul/2024:11:25:44 +0900] "GET /goup4_july_team_project/break/application HTTP/1.1" 200 2350
0:0:0:0:0:0:0:1 - - [19/Jul/2024:11:25:44 +0900] "GET /goup4_july_team_project/break/application HTTP/1.1" 200 2350
0:0:0:0:0:0:0:1 - - [19/Jul/2024:11:31:17 +0900] "GET /goup4_july_team_project/break/application HTTP/1.1" 200 2577
0:0:0:0:0:0:0:1 - - [19/Jul/2024:11:33:04 +0900] "GET /goup4_july_team_project/break/application HTTP/1.1" 500 3025
0:0:0:0:0:0:0:1 - - [19/Jul/2024:11:33:14 +0900] "GET /goup4_july_team_project/break/application HTTP/1.1" 500 4204
0:0:0:0:0:0:0:1 - - [19/Jul/2024:11:33:28 +0900] "GET /goup4_july_team_project/break/application HTTP/1.1" 500 4204
0:0:0:0:0:0:0:1 - - [19/Jul/2024:11:36:20 +0900] "GET /goup4_july_team_project/break/application HTTP/1.1" 500 4190
0:0:0:0:0:0:0:1 - - [19/Jul/2024:11:37:06 +0900] "GET /goup4_july_team_project/break/application HTTP/1.1" 200 2588
0:0:0:0:0:0:0:1 - - [19/Jul/2024:11:37:48 +0900] "GET /goup4_july_team_project/break/application HTTP/1.1" 200 2588
0:0:0:0:0:0:0:1 - - [19/Jul/2024:11:37:55 +0900] "GET /goup4_july_team_project/break/application HTTP/1.1" 200 2588
0:0:0:0:0:0:0:1 - - [19/Jul/2024:11:37:56 +0900] "GET /goup4_july_team_project/break/application HTTP/1.1" 200 2588
0:0:0:0:0:0:0:1 - - [19/Jul/2024:11:37:56 +0900] "GET /goup4_july_team_project/break/application HTTP/1.1" 200 2588
0:0:0:0:0:0:0:1 - - [19/Jul/2024:11:38:03 +0900] "GET /goup4_july_team_project/break/application HTTP/1.1" 500 4130
0:0:0:0:0:0:0:1 - - [19/Jul/2024:11:38:07 +0900] "GET /goup4_july_team_project/break/application HTTP/1.1" 500 4130
0:0:0:0:0:0:0:1 - - [19/Jul/2024:11:38:07 +0900] "GET /goup4_july_team_project/break/application HTTP/1.1" 500 4130
0:0:0:0:0:0:0:1 - - [19/Jul/2024:11:38:08 +0900] "GET /goup4_july_team_project/break/application HTTP/1.1" 500 4130
0:0:0:0:0:0:0:1 - - [19/Jul/2024:11:38:08 +0900] "GET /goup4_july_team_project/break/application HTTP/1.1" 500 4130
0:0:0:0:0:0:0:1 - - [19/Jul/2024:11:38:11 +0900] "GET /goup4_july_team_project/break/application HTTP/1.1" 500 4128
0:0:0:0:0:0:0:1 - - [19/Jul/2024:11:38:12 +0900] "GET /goup4_july_team_project/break/application HTTP/1.1" 200 2588
0:0:0:0:0:0:0:1 - - [19/Jul/2024:11:38:12 +0900] "GET /goup4_july_team_project/break/application HTTP/1.1" 200 2588
0:0:0:0:0:0:0:1 - - [19/Jul/2024:11:38:12 +0900] "GET /goup4_july_team_project/break/application HTTP/1.1" 200 2588
0:0:0:0:0:0:0:1 - - [19/Jul/2024:11:38:13 +0900] "GET /goup4_july_team_project/break/application HTTP/1.1" 200 2588
0:0:0:0:0:0:0:1 - - [19/Jul/2024:11:38:14 +0900] "GET /goup4_july_team_project/break/application HTTP/1.1" 200 2588
0:0:0:0:0:0:0:1 - - [19/Jul/2024:11:38:14 +0900] "GET /goup4_july_team_project/break/application HTTP/1.1" 200 2588
0:0:0:0:0:0:0:1 - - [19/Jul/2024:11:38:14 +0900] "GET /goup4_july_team_project/break/application HTTP/1.1" 200 2588
0:0:0:0:0:0:0:1 - - [19/Jul/2024:11:38:14 +0900] "GET /goup4_july_team_project/break/application HTTP/1.1" 200 2588
0:0:0:0:0:0:0:1 - - [19/Jul/2024:11:38:53 +0900] "GET /goup4_july_team_project/break/application HTTP/1.1" 500 3736
0:0:0:0:0:0:0:1 - - [19/Jul/2024:11:39:06 +0900] "GET /goup4_july_team_project/break/application HTTP/1.1" 200 2588
0:0:0:0:0:0:0:1 - - [19/Jul/2024:11:45:16 +0900] "GET /goup4_july_team_project/break/application HTTP/1.1" 500 3166
0:0:0:0:0:0:0:1 - - [19/Jul/2024:11:46:30 +0900] "GET /goup4_july_team_project/break/application HTTP/1.1" 500 4141
0:0:0:0:0:0:0:1 - - [19/Jul/2024:11:47:31 +0900] "GET /goup4_july_team_project/break/application HTTP/1.1" 500 4141
0:0:0:0:0:0:0:1 - - [19/Jul/2024:11:47:42 +0900] "GET /goup4_july_team_project/break/application HTTP/1.1" 200 2693
0:0:0:0:0:0:0:1 - - [19/Jul/2024:11:47:59 +0900] "GET /goup4_july_team_project/break/application HTTP/1.1" 200 2588
0:0:0:0:0:0:0:1 - - [19/Jul/2024:11:52:31 +0900] "GET /goup4_july_team_project/break/application HTTP/1.1" 200 2598
0:0:0:0:0:0:0:1 - - [19/Jul/2024:11:52:38 +0900] "GET /goup4_july_team_project/break/application HTTP/1.1" 200 2598
0:0:0:0:0:0:0:1 - - [19/Jul/2024:11:52:39 +0900] "GET /goup4_july_team_project/break/application HTTP/1.1" 200 2598
0:0:0:0:0:0:0:1 - - [19/Jul/2024:11:52:41 +0900] "GET /goup4_july_team_project/break/application HTTP/1.1" 200 2598
0:0:0:0:0:0:0:1 - - [19/Jul/2024:11:52:44 +0900] "GET /goup4_july_team_project/break/application HTTP/1.1" 200 2598
0:0:0:0:0:0:0:1 - - [19/Jul/2024:11:53:20 +0900] "GET /goup4_july_team_project/break/application HTTP/1.1" 200 2598
127.0.0.1 - - [19/Jul/2024:12:02:19 +0900] "GET / HTTP/1.1" 404 808
0:0:0:0:0:0:0:1 - - [19/Jul/2024:12:02:22 +0900] "GET /goup4_july_team_project/break/application HTTP/1.1" 200 2663
0:0:0:0:0:0:0:1 - - [19/Jul/2024:12:02:23 +0900] "POST /goup4_july_team_project/break/application HTTP/1.1" 200 -
0:0:0:0:0:0:0:1 - - [19/Jul/2024:12:02:27 +0900] "GET /goup4_july_team_project/break/application HTTP/1.1" 200 2663
0:0:0:0:0:0:0:1 - - [19/Jul/2024:12:02:35 +0900] "POST /goup4_july_team_project/break/application HTTP/1.1" 200 -
0:0:0:0:0:0:0:1 - - [19/Jul/2024:12:02:36 +0900] "GET /goup4_july_team_project/break/application HTTP/1.1" 200 2663
0:0:0:0:0:0:0:1 - - [19/Jul/2024:12:12:50 +0900] "POST /goup4_july_team_project/break/application HTTP/1.1" 200 -
0:0:0:0:0:0:0:1 - - [19/Jul/2024:12:13:02 +0900] "GET /goup4_july_team_project/break/application HTTP/1.1" 200 2663
0:0:0:0:0:0:0:1 - - [19/Jul/2024:12:13:07 +0900] "POST /goup4_july_team_project/break/application HTTP/1.1" 200 -
0:0:0:0:0:0:0:1 - - [19/Jul/2024:12:13:10 +0900] "GET /goup4_july_team_project/break/application HTTP/1.1" 200 2663
0:0:0:0:0:0:0:1 - - [19/Jul/2024:12:15:58 +0900] "GET /goup4_july_team_project/break/application HTTP/1.1" 200 2767
0:0:0:0:0:0:0:1 - - [19/Jul/2024:12:15:59 +0900] "POST /goup4_july_team_project/break/application HTTP/1.1" 200 -
0:0:0:0:0:0:0:1 - - [19/Jul/2024:12:16:01 +0900] "GET /goup4_july_team_project/break/application HTTP/1.1" 200 2767
0:0:0:0:0:0:0:1 - - [19/Jul/2024:12:16:21 +0900] "GET /goup4_july_team_project/break/application HTTP/1.1" 200 2826
0:0:0:0:0:0:0:1 - - [19/Jul/2024:12:16:22 +0900] "POST /goup4_july_team_project/break/application HTTP/1.1" 200 -
0:0:0:0:0:0:0:1 - - [19/Jul/2024:12:16:25 +0900] "POST /goup4_july_team_project/break/application HTTP/1.1" 200 -
0:0:0:0:0:0:0:1 - - [19/Jul/2024:12:16:27 +0900] "GET /goup4_july_team_project/break/application HTTP/1.1" 200 2826
0:0:0:0:0:0:0:1 - - [19/Jul/2024:12:16:29 +0900] "POST /goup4_july_team_project/break/application HTTP/1.1" 200 -
0:0:0:0:0:0:0:1 - - [19/Jul/2024:12:16:31 +0900] "GET /goup4_july_team_project/break/application HTTP/1.1" 200 2826
0:0:0:0:0:0:0:1 - - [19/Jul/2024:12:18:02 +0900] "GET /goup4_july_team_project/break/application HTTP/1.1" 200 2753
0:0:0:0:0:0:0:1 - - [19/Jul/2024:12:18:03 +0900] "POST /goup4_july_team_project/break/application HTTP/1.1" 200 -
0:0:0:0:0:0:0:1 - - [19/Jul/2024:12:18:05 +0900] "GET /goup4_july_team_project/break/application HTTP/1.1" 200 2753
0:0:0:0:0:0:0:1 - - [19/Jul/2024:12:18:19 +0900] "GET /goup4_july_team_project/break/application HTTP/1.1" 200 2753
0:0:0:0:0:0:0:1 - - [19/Jul/2024:12:18:21 +0900] "POST /goup4_july_team_project/break/application HTTP/1.1" 200 -
0:0:0:0:0:0:0:1 - - [19/Jul/2024:12:18:23 +0900] "GET /goup4_july_team_project/break/application HTTP/1.1" 200 2753
127.0.0.1 - - [19/Jul/2024:12:18:35 +0900] "GET / HTTP/1.1" 404 808
0:0:0:0:0:0:0:1 - - [19/Jul/2024:12:18:38 +0900] "POST /goup4_july_team_project/break/application HTTP/1.1" 200 -
0:0:0:0:0:0:0:1 - - [19/Jul/2024:12:18:40 +0900] "GET /goup4_july_team_project/break/application HTTP/1.1" 200 2753
0:0:0:0:0:0:0:1 - - [19/Jul/2024:12:19:19 +0900] "POST /goup4_july_team_project/break/application HTTP/1.1" 200 -
0:0:0:0:0:0:0:1 - - [19/Jul/2024:12:19:21 +0900] "GET /goup4_july_team_project/break/application HTTP/1.1" 200 2786
0:0:0:0:0:0:0:1 - - [19/Jul/2024:12:19:21 +0900] "GET /goup4_july_team_project/break/application HTTP/1.1" 200 2786
0:0:0:0:0:0:0:1 - - [19/Jul/2024:12:19:23 +0900] "POST /goup4_july_team_project/break/application HTTP/1.1" 200 -
0:0:0:0:0:0:0:1 - - [19/Jul/2024:12:19:25 +0900] "GET /goup4_july_team_project/break/application HTTP/1.1" 200 2786
127.0.0.1 - - [19/Jul/2024:12:33:11 +0900] "GET / HTTP/1.1" 404 808
0:0:0:0:0:0:0:1 - - [19/Jul/2024:12:33:18 +0900] "POST /goup4_july_team_project/break/application HTTP/1.1" 500 1662
127.0.0.1 - - [19/Jul/2024:12:36:13 +0900] "GET / HTTP/1.1" 404 808
0:0:0:0:0:0:0:1 - - [19/Jul/2024:12:36:15 +0900] "GET /goup4_july_team_project/break/application HTTP/1.1" 200 2786
0:0:0:0:0:0:0:1 - - [19/Jul/2024:12:36:19 +0900] "POST /goup4_july_team_project/break/application HTTP/1.1" 500 1766
127.0.0.1 - - [19/Jul/2024:12:37:11 +0900] "GET / HTTP/1.1" 404 808
0:0:0:0:0:0:0:1 - - [19/Jul/2024:12:37:16 +0900] "POST /goup4_july_team_project/break/application HTTP/1.1" 500 1766
0:0:0:0:0:0:0:1 - - [19/Jul/2024:12:37:22 +0900] "POST /goup4_july_team_project/break/application HTTP/1.1" 500 1766
127.0.0.1 - - [19/Jul/2024:12:38:04 +0900] "GET / HTTP/1.1" 404 808
0:0:0:0:0:0:0:1 - - [19/Jul/2024:12:38:05 +0900] "GET /goup4_july_team_project/break/application HTTP/1.1" 200 2786
0:0:0:0:0:0:0:1 - - [19/Jul/2024:12:38:08 +0900] "POST /goup4_july_team_project/break/application HTTP/1.1" 302 -
0:0:0:0:0:0:0:1 - - [19/Jul/2024:12:38:08 +0900] "GET /application/break/list HTTP/1.1" 404 838
127.0.0.1 - - [19/Jul/2024:12:38:46 +0900] "GET / HTTP/1.1" 404 808
0:0:0:0:0:0:0:1 - - [19/Jul/2024:12:38:47 +0900] "GET /application/break/list HTTP/1.1" 404 838
0:0:0:0:0:0:0:1 - - [19/Jul/2024:12:38:49 +0900] "POST /goup4_july_team_project/break/application HTTP/1.1" 302 -
0:0:0:0:0:0:0:1 - - [19/Jul/2024:12:38:49 +0900] "GET /application/break/list HTTP/1.1" 404 838
127.0.0.1 - - [19/Jul/2024:12:40:10 +0900] "GET / HTTP/1.1" 404 808
0:0:0:0:0:0:0:1 - - [19/Jul/2024:12:40:14 +0900] "POST /goup4_july_team_project/break/application HTTP/1.1" 302 -
0:0:0:0:0:0:0:1 - - [19/Jul/2024:12:40:14 +0900] "GET /goup4_july_team_project/break/list HTTP/1.1" 200 156
127.0.0.1 - - [19/Jul/2024:12:41:55 +0900] "GET / HTTP/1.1" 404 808
0:0:0:0:0:0:0:1 - - [19/Jul/2024:12:42:03 +0900] "GET /goup4_july_team_project/break/application HTTP/1.1" 200 2786
0:0:0:0:0:0:0:1 - - [19/Jul/2024:12:42:06 +0900] "POST /goup4_july_team_project/break/application HTTP/1.1" 500 1604
127.0.0.1 - - [19/Jul/2024:12:42:52 +0900] "GET / HTTP/1.1" 404 808
0:0:0:0:0:0:0:1 - - [19/Jul/2024:12:42:53 +0900] "GET /goup4_july_team_project/break/application HTTP/1.1" 200 2786
0:0:0:0:0:0:0:1 - - [19/Jul/2024:12:42:56 +0900] "POST /goup4_july_team_project/break/application HTTP/1.1" 302 -
0:0:0:0:0:0:0:1 - - [19/Jul/2024:12:42:56 +0900] "GET /goup4_july_team_project/break/list HTTP/1.1" 200 156
127.0.0.1 - - [19/Jul/2024:12:44:15 +0900] "GET / HTTP/1.1" 404 808
0:0:0:0:0:0:0:1 - - [19/Jul/2024:12:44:22 +0900] "GET /goup4_july_team_project/break/list HTTP/1.1" 200 156
0:0:0:0:0:0:0:1 - - [19/Jul/2024:12:46:48 +0900] "GET /goup4_july_team_project/break/list HTTP/1.1" 200 156
127.0.0.1 - - [19/Jul/2024:12:47:54 +0900] "GET / HTTP/1.1" 404 808
0:0:0:0:0:0:0:1 - - [19/Jul/2024:12:47:57 +0900] "GET /goup4_july_team_project/break/list HTTP/1.1" 200 156
127.0.0.1 - - [19/Jul/2024:12:48:09 +0900] "GET / HTTP/1.1" 404 808
0:0:0:0:0:0:0:1 - - [19/Jul/2024:12:48:10 +0900] "GET /goup4_july_team_project/break/list HTTP/1.1" 500 1753
127.0.0.1 - - [19/Jul/2024:12:48:31 +0900] "GET / HTTP/1.1" 404 808
0:0:0:0:0:0:0:1 - - [19/Jul/2024:12:48:31 +0900] "GET /goup4_july_team_project/break/list HTTP/1.1" 200 156
127.0.0.1 - - [19/Jul/2024:12:48:56 +0900] "GET / HTTP/1.1" 404 808
0:0:0:0:0:0:0:1 - - [19/Jul/2024:12:48:58 +0900] "GET /goup4_july_team_project/break/list HTTP/1.1" 200 156
0:0:0:0:0:0:0:1 - - [19/Jul/2024:14:02:22 +0900] "GET /goup4_july_team_project/break/list HTTP/1.1" 200 156
0:0:0:0:0:0:0:1 - - [19/Jul/2024:14:02:25 +0900] "GET /goup4_july_team_project/break/application HTTP/1.1" 200 2786
0:0:0:0:0:0:0:1 - - [19/Jul/2024:14:02:31 +0900] "GET /goup4_july_team_project/break/list HTTP/1.1" 200 170
127.0.0.1 - - [19/Jul/2024:14:06:21 +0900] "GET / HTTP/1.1" 404 808
0:0:0:0:0:0:0:1 - - [19/Jul/2024:14:06:22 +0900] "GET /goup4_july_team_project/break/list HTTP/1.1" 200 372
0:0:0:0:0:0:0:1 - - [19/Jul/2024:14:06:34 +0900] "GET /goup4_july_team_project/break/list HTTP/1.1" 200 383
0:0:0:0:0:0:0:1 - - [19/Jul/2024:14:07:13 +0900] "GET /goup4_july_team_project/break/list HTTP/1.1" 200 383
0:0:0:0:0:0:0:1 - - [19/Jul/2024:14:07:15 +0900] "GET /goup4_july_team_project/break/list HTTP/1.1" 200 383
0:0:0:0:0:0:0:1 - - [19/Jul/2024:14:07:17 +0900] "GET /goup4_july_team_project/break/list HTTP/1.1" 200 383
0:0:0:0:0:0:0:1 - - [19/Jul/2024:14:07:18 +0900] "GET /goup4_july_team_project/break/list HTTP/1.1" 200 383
0:0:0:0:0:0:0:1 - - [19/Jul/2024:14:07:18 +0900] "GET /goup4_july_team_project/break/list HTTP/1.1" 200 383
0:0:0:0:0:0:0:1 - - [19/Jul/2024:14:07:26 +0900] "GET /goup4_july_team_project/break/list HTTP/1.1" 500 3875
0:0:0:0:0:0:0:1 - - [19/Jul/2024:14:09:47 +0900] "GET /goup4_july_team_project/break/list HTTP/1.1" 500 3977
0:0:0:0:0:0:0:1 - - [19/Jul/2024:14:13:25 +0900] "GET /goup4_july_team_project/break/list HTTP/1.1" 500 3977
127.0.0.1 - - [19/Jul/2024:14:13:29 +0900] "GET / HTTP/1.1" 404 808
0:0:0:0:0:0:0:1 - - [19/Jul/2024:14:13:33 +0900] "GET /goup4_july_team_project/break/list HTTP/1.1" 500 3967
0:0:0:0:0:0:0:1 - - [19/Jul/2024:14:15:44 +0900] "GET /goup4_july_team_project/break/list HTTP/1.1" 500 3977
127.0.0.1 - - [19/Jul/2024:14:18:39 +0900] "GET / HTTP/1.1" 404 808
0:0:0:0:0:0:0:1 - - [19/Jul/2024:14:18:42 +0900] "GET /goup4_july_team_project/break/list HTTP/1.1" 404 850
0:0:0:0:0:0:0:1 - - [19/Jul/2024:14:18:59 +0900] "GET /goup4_july_team_project/break/list HTTP/1.1" 404 850
0:0:0:0:0:0:0:1 - - [19/Jul/2024:14:19:24 +0900] "GET /goup4_july_team_project/break/list HTTP/1.1" 404 850
127.0.0.1 - - [19/Jul/2024:14:19:39 +0900] "GET / HTTP/1.1" 404 808
0:0:0:0:0:0:0:1 - - [19/Jul/2024:14:19:44 +0900] "GET /goup4_july_team_project/break/application HTTP/1.1" 200 2786
0:0:0:0:0:0:0:1 - - [19/Jul/2024:14:19:45 +0900] "POST /goup4_july_team_project/break/application HTTP/1.1" 302 -
0:0:0:0:0:0:0:1 - - [19/Jul/2024:14:19:45 +0900] "GET /goup4_july_team_project/break/list HTTP/1.1" 500 3967
127.0.0.1 - - [19/Jul/2024:14:21:14 +0900] "GET / HTTP/1.1" 404 808
0:0:0:0:0:0:0:1 - - [19/Jul/2024:14:21:16 +0900] "GET /goup4_july_team_project/break/list HTTP/1.1" 500 4105
0:0:0:0:0:0:0:1 - - [19/Jul/2024:14:21:50 +0900] "GET /goup4_july_team_project/break/list HTTP/1.1" 500 3977
127.0.0.1 - - [19/Jul/2024:14:24:15 +0900] "GET / HTTP/1.1" 404 808
0:0:0:0:0:0:0:1 - - [19/Jul/2024:14:24:17 +0900] "GET /goup4_july_team_project/break/list HTTP/1.1" 500 4111
127.0.0.1 - - [19/Jul/2024:14:24:34 +0900] "GET / HTTP/1.1" 404 808
0:0:0:0:0:0:0:1 - - [19/Jul/2024:14:24:36 +0900] "GET /goup4_july_team_project/break/list HTTP/1.1" 200 636
0:0:0:0:0:0:0:1 - - [19/Jul/2024:14:27:47 +0900] "GET /goup4_july_team_project/break/list HTTP/1.1" 200 687
0:0:0:0:0:0:0:1 - - [19/Jul/2024:14:28:11 +0900] "GET /goup4_july_team_project/break/list HTTP/1.1" 200 687
0:0:0:0:0:0:0:1 - - [19/Jul/2024:14:28:14 +0900] "GET /goup4_july_team_project/break/list HTTP/1.1" 200 687
0:0:0:0:0:0:0:1 - - [19/Jul/2024:14:28:15 +0900] "GET /goup4_july_team_project/break/list HTTP/1.1" 200 687
0:0:0:0:0:0:0:1 - - [19/Jul/2024:14:28:16 +0900] "GET /goup4_july_team_project/break/list HTTP/1.1" 200 687
0:0:0:0:0:0:0:1 - - [19/Jul/2024:14:28:20 +0900] "GET /goup4_july_team_project/break/list HTTP/1.1" 200 707
0:0:0:0:0:0:0:1 - - [19/Jul/2024:14:28:32 +0900] "GET /goup4_july_team_project/break/list HTTP/1.1" 200 714
0:0:0:0:0:0:0:1 - - [19/Jul/2024:14:28:34 +0900] "GET /goup4_july_team_project/break/list HTTP/1.1" 200 714
0:0:0:0:0:0:0:1 - - [19/Jul/2024:14:28:34 +0900] "GET /goup4_july_team_project/break/list HTTP/1.1" 200 714
0:0:0:0:0:0:0:1 - - [19/Jul/2024:14:28:34 +0900] "GET /goup4_july_team_project/break/list HTTP/1.1" 200 714
0:0:0:0:0:0:0:1 - - [19/Jul/2024:14:28:37 +0900] "GET /goup4_july_team_project/break/list HTTP/1.1" 200 714
0:0:0:0:0:0:0:1 - - [19/Jul/2024:14:28:40 +0900] "GET /goup4_july_team_project/break/list HTTP/1.1" 200 714
0:0:0:0:0:0:0:1 - - [19/Jul/2024:14:28:41 +0900] "GET /goup4_july_team_project/break/list HTTP/1.1" 200 714
0:0:0:0:0:0:0:1 - - [19/Jul/2024:14:28:55 +0900] "GET /goup4_july_team_project/break/list HTTP/1.1" 200 728
0:0:0:0:0:0:0:1 - - [19/Jul/2024:14:29:28 +0900] "GET /goup4_july_team_project/break/list HTTP/1.1" 200 773
0:0:0:0:0:0:0:1 - - [19/Jul/2024:14:29:29 +0900] "GET /goup4_july_team_project/break/detail HTTP/1.1" 200 1571
0:0:0:0:0:0:0:1 - - [19/Jul/2024:14:31:00 +0900] "GET /goup4_july_team_project/break/list HTTP/1.1" 200 819
0:0:0:0:0:0:0:1 - - [19/Jul/2024:14:31:46 +0900] "GET /goup4_july_team_project/break/list HTTP/1.1" 200 788
0:0:0:0:0:0:0:1 - - [19/Jul/2024:14:31:47 +0900] "GET /goup4_july_team_project/break/detail?id=1 HTTP/1.1" 200 1571
0:0:0:0:0:0:0:1 - - [19/Jul/2024:14:32:02 +0900] "GET /goup4_july_team_project/break/detail?id=1 HTTP/1.1" 200 1571
0:0:0:0:0:0:0:1 - - [19/Jul/2024:14:32:49 +0900] "GET /goup4_july_team_project/break/detail?id=1 HTTP/1.1" 200 919
127.0.0.1 - - [19/Jul/2024:14:35:27 +0900] "GET / HTTP/1.1" 404 808
0:0:0:0:0:0:0:1 - - [19/Jul/2024:14:35:30 +0900] "GET /goup4_july_team_project/break/detail?id=1 HTTP/1.1" 200 919
127.0.0.1 - - [19/Jul/2024:14:36:05 +0900] "GET / HTTP/1.1" 404 808
0:0:0:0:0:0:0:1 - - [19/Jul/2024:14:36:07 +0900] "GET /goup4_july_team_project/break/detail?id=1 HTTP/1.1" 404 722
0:0:0:0:0:0:0:1 - - [19/Jul/2024:14:36:11 +0900] "GET /goup4_july_team_project/break/application HTTP/1.1" 200 2788
0:0:0:0:0:0:0:1 - - [19/Jul/2024:14:36:13 +0900] "GET /goup4_july_team_project/break/detail?id=1 HTTP/1.1" 404 722
0:0:0:0:0:0:0:1 - - [19/Jul/2024:14:36:25 +0900] "GET /goup4_july_team_project/break/detail?id=1 HTTP/1.1" 404 722
0:0:0:0:0:0:0:1 - - [19/Jul/2024:14:36:35 +0900] "GET /goup4_july_team_project/break/detail?id=1 HTTP/1.1" 404 722
0:0:0:0:0:0:0:1 - - [19/Jul/2024:14:36:36 +0900] "GET /goup4_july_team_project/break/detail?id=1 HTTP/1.1" 404 722
0:0:0:0:0:0:0:1 - - [19/Jul/2024:14:36:36 +0900] "GET /goup4_july_team_project/break/detail?id=1 HTTP/1.1" 404 722
0:0:0:0:0:0:0:1 - - [19/Jul/2024:14:36:42 +0900] "POST /goup4_july_team_project/break/application HTTP/1.1" 302 -
0:0:0:0:0:0:0:1 - - [19/Jul/2024:14:36:42 +0900] "GET /goup4_july_team_project/break/list HTTP/1.1" 200 788
0:0:0:0:0:0:0:1 - - [19/Jul/2024:14:36:44 +0900] "GET /goup4_july_team_project/break/detail?id=1 HTTP/1.1" 404 722
127.0.0.1 - - [19/Jul/2024:14:37:05 +0900] "GET / HTTP/1.1" 404 808
0:0:0:0:0:0:0:1 - - [19/Jul/2024:14:37:09 +0900] "GET /goup4_july_team_project/break/detail?id=1 HTTP/1.1" 404 722
0:0:0:0:0:0:0:1 - - [19/Jul/2024:14:37:11 +0900] "GET /goup4_july_team_project/break/detail?id=1 HTTP/1.1" 404 722
0:0:0:0:0:0:0:1 - - [19/Jul/2024:14:37:26 +0900] "GET /goup4_july_team_project/break/detail?id=1 HTTP/1.1" 404 722
127.0.0.1 - - [19/Jul/2024:14:37:44 +0900] "GET / HTTP/1.1" 404 808
0:0:0:0:0:0:0:1 - - [19/Jul/2024:14:37:47 +0900] "GET /goup4_july_team_project/break/detail?id=1 HTTP/1.1" 404 722
0:0:0:0:0:0:0:1 - - [19/Jul/2024:14:37:47 +0900] "GET /goup4_july_team_project/break/detail?id=1 HTTP/1.1" 404 722
0:0:0:0:0:0:0:1 - - [19/Jul/2024:14:37:47 +0900] "GET /goup4_july_team_project/break/detail?id=1 HTTP/1.1" 404 722
0:0:0:0:0:0:0:1 - - [19/Jul/2024:14:37:48 +0900] "GET /goup4_july_team_project/break/detail?id=1 HTTP/1.1" 404 722
0:0:0:0:0:0:0:1 - - [19/Jul/2024:14:37:48 +0900] "GET /goup4_july_team_project/break/detail?id=1 HTTP/1.1" 404 722
127.0.0.1 - - [19/Jul/2024:14:38:00 +0900] "GET / HTTP/1.1" 404 808
0:0:0:0:0:0:0:1 - - [19/Jul/2024:14:38:02 +0900] "GET /goup4_july_team_project/break/detail?id=1 HTTP/1.1" 500 1484
127.0.0.1 - - [19/Jul/2024:14:38:50 +0900] "GET / HTTP/1.1" 404 808
0:0:0:0:0:0:0:1 - - [19/Jul/2024:14:38:51 +0900] "GET /goup4_july_team_project/break/detail?id=1 HTTP/1.1" 500 1694
127.0.0.1 - - [19/Jul/2024:14:39:12 +0900] "GET / HTTP/1.1" 404 808
0:0:0:0:0:0:0:1 - - [19/Jul/2024:14:39:14 +0900] "GET /goup4_july_team_project/break/detail?id=1 HTTP/1.1" 200 919
127.0.0.1 - - [19/Jul/2024:14:39:58 +0900] "GET / HTTP/1.1" 404 808
0:0:0:0:0:0:0:1 - - [19/Jul/2024:14:40:00 +0900] "GET /goup4_july_team_project/break/detail?id=1 HTTP/1.1" 200 919
127.0.0.1 - - [19/Jul/2024:14:47:40 +0900] "GET / HTTP/1.1" 404 808
0:0:0:0:0:0:0:1 - - [19/Jul/2024:14:47:42 +0900] "GET /goup4_july_team_project/break/detail?id=1 HTTP/1.1" 200 933
0:0:0:0:0:0:0:1 - - [19/Jul/2024:14:48:05 +0900] "GET /goup4_july_team_project/break/detail?id=1 HTTP/1.1" 200 933
127.0.0.1 - - [19/Jul/2024:14:49:01 +0900] "GET / HTTP/1.1" 404 808
0:0:0:0:0:0:0:1 - - [19/Jul/2024:14:49:03 +0900] "GET /goup4_july_team_project/break/detail?id=1 HTTP/1.1" 200 933
0:0:0:0:0:0:0:1 - - [19/Jul/2024:14:51:40 +0900] "GET /goup4_july_team_project/break/detail?id=1 HTTP/1.1" 200 992
127.0.0.1 - - [19/Jul/2024:16:45:56 +0900] "GET / HTTP/1.1" 404 808
0:0:0:0:0:0:0:1 - - [19/Jul/2024:16:46:31 +0900] "GET /goup4_july_team_project/tuition/payment HTTP/1.1" 200 164
0:0:0:0:0:0:0:1 - - [19/Jul/2024:16:48:40 +0900] "GET /goup4_july_team_project/break/application HTTP/1.1" 200 2788
0:0:0:0:0:0:0:1 - - [19/Jul/2024:16:48:41 +0900] "POST /goup4_july_team_project/break/application HTTP/1.1" 302 -
0:0:0:0:0:0:0:1 - - [19/Jul/2024:16:48:41 +0900] "GET /goup4_july_team_project/break/list HTTP/1.1" 200 794
0:0:0:0:0:0:0:1 - - [19/Jul/2024:16:48:43 +0900] "GET /goup4_july_team_project/break/detail?id=1 HTTP/1.1" 200 992
0:0:0:0:0:0:0:1 - - [19/Jul/2024:16:49:00 +0900] "GET /goup4_july_team_project/break/detail?id=1 HTTP/1.1" 200 992
0:0:0:0:0:0:0:1 - - [19/Jul/2024:16:49:03 +0900] "GET /goup4_july_team_project/break/list HTTP/1.1" 500 1595
127.0.0.1 - - [19/Jul/2024:16:49:32 +0900] "GET / HTTP/1.1" 404 808
0:0:0:0:0:0:0:1 - - [19/Jul/2024:16:49:33 +0900] "GET /goup4_july_team_project/break/list HTTP/1.1" 200 413
0:0:0:0:0:0:0:1 - - [19/Jul/2024:16:50:59 +0900] "GET /goup4_july_team_project/break/list HTTP/1.1" 200 429
0:0:0:0:0:0:0:1 - - [19/Jul/2024:16:51:35 +0900] "GET /goup4_july_team_project/break/list HTTP/1.1" 200 430
127.0.0.1 - - [19/Jul/2024:16:52:01 +0900] "GET / HTTP/1.1" 404 808
0:0:0:0:0:0:0:1 - - [19/Jul/2024:16:52:05 +0900] "GET /goup4_july_team_project/break/list HTTP/1.1" 200 430
0:0:0:0:0:0:0:1 - - [19/Jul/2024:16:52:41 +0900] "GET /goup4_july_team_project/break/list HTTP/1.1" 200 182
0:0:0:0:0:0:0:1 - - [19/Jul/2024:16:52:52 +0900] "GET /goup4_july_team_project/break/list HTTP/1.1" 500 4062
0:0:0:0:0:0:0:1 - - [19/Jul/2024:16:53:03 +0900] "GET /goup4_july_team_project/break/list HTTP/1.1" 200 233
127.0.0.1 - - [19/Jul/2024:16:53:21 +0900] "GET / HTTP/1.1" 404 808
0:0:0:0:0:0:0:1 - - [19/Jul/2024:16:53:24 +0900] "GET /goup4_july_team_project/break/list HTTP/1.1" 200 838
127.0.0.1 - - [19/Jul/2024:16:57:14 +0900] "GET / HTTP/1.1" 404 808
0:0:0:0:0:0:0:1 - - [19/Jul/2024:16:57:16 +0900] "GET /goup4_july_team_project/tuition/payment HTTP/1.1" 200 171
0:0:0:0:0:0:0:1 - - [19/Jul/2024:16:57:17 +0900] "GET /goup4_july_team_project/tuition/payment HTTP/1.1" 200 171
0:0:0:0:0:0:0:1 - - [19/Jul/2024:16:57:23 +0900] "GET /goup4_july_team_project/tuition/payment HTTP/1.1" 200 416
0:0:0:0:0:0:0:1 - - [19/Jul/2024:16:57:32 +0900] "GET /goup4_july_team_project/tuition/payment HTTP/1.1" 200 427
0:0:0:0:0:0:0:1 - - [19/Jul/2024:16:57:58 +0900] "GET /goup4_july_team_project/tuition/payment HTTP/1.1" 200 440
0:0:0:0:0:0:0:1 - - [19/Jul/2024:16:59:13 +0900] "GET /goup4_july_team_project/tuition/payment HTTP/1.1" 200 682
0:0:0:0:0:0:0:1 - - [19/Jul/2024:17:00:54 +0900] "GET /goup4_july_team_project/tuition/payment HTTP/1.1" 200 1196
0:0:0:0:0:0:0:1 - - [19/Jul/2024:17:01:48 +0900] "GET /goup4_july_team_project/tuition/payment HTTP/1.1" 200 1249
127.0.0.1 - - [19/Jul/2024:17:06:25 +0900] "GET / HTTP/1.1" 404 808
0:0:0:0:0:0:0:1 - - [19/Jul/2024:17:06:26 +0900] "GET /goup4_july_team_project/tuition/payment HTTP/1.1" 200 1408
127.0.0.1 - - [19/Jul/2024:17:07:12 +0900] "GET / HTTP/1.1" 404 808
0:0:0:0:0:0:0:1 - - [19/Jul/2024:17:07:14 +0900] "GET /goup4_july_team_project/tuition/payment HTTP/1.1" 200 1315
127.0.0.1 - - [19/Jul/2024:17:08:01 +0900] "GET / HTTP/1.1" 404 808
0:0:0:0:0:0:0:1 - - [19/Jul/2024:17:08:02 +0900] "GET /goup4_july_team_project/tuition/payment HTTP/1.1" 200 1315
0:0:0:0:0:0:0:1 - - [19/Jul/2024:17:08:04 +0900] "GET /goup4_july_team_project/tuition/payment HTTP/1.1" 200 1315
127.0.0.1 - - [19/Jul/2024:17:08:45 +0900] "GET / HTTP/1.1" 404 808
0:0:0:0:0:0:0:1 - - [19/Jul/2024:17:08:46 +0900] "GET /goup4_july_team_project/tuition/payment HTTP/1.1" 500 1487
127.0.0.1 - - [19/Jul/2024:17:09:19 +0900] "GET / HTTP/1.1" 404 808
0:0:0:0:0:0:0:1 - - [19/Jul/2024:17:09:20 +0900] "GET /goup4_july_team_project/tuition/payment HTTP/1.1" 500 1672
127.0.0.1 - - [19/Jul/2024:17:09:40 +0900] "GET / HTTP/1.1" 404 808
0:0:0:0:0:0:0:1 - - [19/Jul/2024:17:09:41 +0900] "GET /goup4_july_team_project/tuition/payment HTTP/1.1" 500 1487
127.0.0.1 - - [19/Jul/2024:17:10:08 +0900] "GET / HTTP/1.1" 404 808
0:0:0:0:0:0:0:1 - - [19/Jul/2024:17:10:09 +0900] "GET /goup4_july_team_project/tuition/payment HTTP/1.1" 200 1315
127.0.0.1 - - [19/Jul/2024:17:13:45 +0900] "GET / HTTP/1.1" 404 808
0:0:0:0:0:0:0:1 - - [19/Jul/2024:17:13:48 +0900] "GET /goup4_july_team_project/tuition/payment HTTP/1.1" 200 174
0:0:0:0:0:0:0:1 - - [19/Jul/2024:17:13:56 +0900] "GET /goup4_july_team_project/tuition/payment HTTP/1.1" 200 174
0:0:0:0:0:0:0:1 - - [19/Jul/2024:17:13:59 +0900] "GET /goup4_july_team_project/tuition/payment HTTP/1.1" 200 174
0:0:0:0:0:0:0:1 - - [19/Jul/2024:17:14:09 +0900] "GET /goup4_july_team_project/tuition/payment HTTP/1.1" 500 1487
127.0.0.1 - - [19/Jul/2024:17:14:45 +0900] "GET / HTTP/1.1" 404 808
0:0:0:0:0:0:0:1 - - [19/Jul/2024:17:14:46 +0900] "GET /goup4_july_team_project/tuition/payment HTTP/1.1" 500 1487
127.0.0.1 - - [19/Jul/2024:17:15:15 +0900] "GET / HTTP/1.1" 404 808
0:0:0:0:0:0:0:1 - - [19/Jul/2024:17:15:16 +0900] "GET /goup4_july_team_project/tuition/payment HTTP/1.1" 200 174
127.0.0.1 - - [19/Jul/2024:17:16:41 +0900] "GET / HTTP/1.1" 404 808
0:0:0:0:0:0:0:1 - - [19/Jul/2024:17:16:47 +0900] "GET /goup4_july_team_project/tuition/payment HTTP/1.1" 200 174
127.0.0.1 - - [19/Jul/2024:17:19:56 +0900] "GET / HTTP/1.1" 404 808
0:0:0:0:0:0:0:1 - - [19/Jul/2024:17:19:57 +0900] "GET /goup4_july_team_project/tuition/payment HTTP/1.1" 200 174
0:0:0:0:0:0:0:1 - - [19/Jul/2024:17:23:22 +0900] "GET /goup4_july_team_project/tuition/payment HTTP/1.1" 200 174
0:0:0:0:0:0:0:1 - - [19/Jul/2024:17:23:23 +0900] "GET /goup4_july_team_project/break/list HTTP/1.1" 200 838
0:0:0:0:0:0:0:1 - - [19/Jul/2024:17:24:03 +0900] "GET /goup4_july_team_project/tuition/payment HTTP/1.1" 200 174
0:0:0:0:0:0:0:1 - - [19/Jul/2024:17:25:53 +0900] "GET /goup4_july_team_project/tuition/payment HTTP/1.1" 500 3335
0:0:0:0:0:0:0:1 - - [19/Jul/2024:17:26:05 +0900] "GET /goup4_july_team_project/tuition/payment HTTP/1.1" 500 3335
127.0.0.1 - - [19/Jul/2024:17:26:06 +0900] "GET / HTTP/1.1" 404 808
127.0.0.1 - - [19/Jul/2024:17:26:27 +0900] "GET / HTTP/1.1" 404 808
0:0:0:0:0:0:0:1 - - [19/Jul/2024:17:26:29 +0900] "GET /goup4_july_team_project/tuition/payment HTTP/1.1" 200 1262
0:0:0:0:0:0:0:1 - - [19/Jul/2024:17:40:55 +0900] "GET /goup4_july_team_project/tuition/list HTTP/1.1" 200 -
127.0.0.1 - - [19/Jul/2024:17:41:01 +0900] "GET / HTTP/1.1" 404 808
0:0:0:0:0:0:0:1 - - [19/Jul/2024:17:41:13 +0900] "GET /goup4_july_team_project/tuition/list HTTP/1.1" 200 -
0:0:0:0:0:0:0:1 - - [19/Jul/2024:17:41:18 +0900] "GET /goup4_july_team_project/tuition/check HTTP/1.1" 404 835
0:0:0:0:0:0:0:1 - - [19/Jul/2024:17:41:22 +0900] "GET /goup4_july_team_project/tuition/check HTTP/1.1" 200 167
0:0:0:0:0:0:0:1 - - [19/Jul/2024:17:44:08 +0900] "GET /goup4_july_team_project/tuition/check HTTP/1.1" 200 505
0:0:0:0:0:0:0:1 - - [19/Jul/2024:17:44:15 +0900] "GET /goup4_july_team_project/tuition/check HTTP/1.1" 200 516
127.0.0.1 - - [19/Jul/2024:17:50:51 +0900] "GET / HTTP/1.1" 404 808
0:0:0:0:0:0:0:1 - - [19/Jul/2024:17:51:29 +0900] "GET /goup4_july_team_project/user HTTP/1.1" 500 1337
0:0:0:0:0:0:0:1 - - [19/Jul/2024:17:51:29 +0900] "GET /favicon.ico HTTP/1.1" 404 819
0:0:0:0:0:0:0:1 - - [19/Jul/2024:17:51:38 +0900] "GET /goup4_july_team_project/user/logIn HTTP/1.1" 200 1477
0:0:0:0:0:0:0:1 - - [19/Jul/2024:17:51:38 +0900] "GET /goup4_july_team_project/resources/css/logIn.css HTTP/1.1" 200 2150
